      <table:table table:name="Sheet1" table:style-name="ta1">
        <table:table-column table:style-name="co1"
            table:default-cell-style-name="Default"/>
        <table:table-column table:style-name="co2"
            table:default-cell-style-name="ce1"/>
        <table:table-column table:style-name="co2"
            table:default-cell-style-name="Default"/>
        <table:table-row table:style-name="ro1">
          <table:table-cell office:value-type="string" calcext:value-type="string">
            <text:p>Test Normal Text</text:p>
          </table:table-cell>
          <table:table-cell office:value-type="float" office:value="123" calcext:value-type="float">
            <text:p>123</text:p>
          </table:table-cell>
          <table:table-cell office:value-type="float" office:value="1000000000" calcext:value-type="float">
            <text:p>1.00E+09</text:p>
          </table:table-cell>
        </table:table-row>
        <table:table-row table:style-name="ro1">
          <table:table-cell office:value-type="string" calcext:value-type="string">
            <text:p>Test <text:span text:style-name="T1">Red</text:span> Text</text:p>
          </table:table-cell>
          <table:table-cell office:value-type="float" office:value="456" calcext:value-type="float">
            <text:p>456</text:p>
          </table:table-cell>
          <table:table-cell office:value-type="float" office:value="0.002" calcext:value-type="float">
            <text:p>2.00E-03</text:p>
          </table:table-cell>
        </table:table-row>
      </table:table>
